[add]  volume demo-volume will be created
[add]  network demo-network will be created
[noop] application website planned (services diff TBD)

